▲ Next.js 16.2.7 (Turbopack)
- Local:         http://localhost:3000
- Network:       http://0.0.0.0:3000
✓ Ready in 618ms
Attention: Next.js now collects completely anonymous telemetry regarding usage.
This information is used to shape Next.js' roadmap and prioritize features.
You can learn more, including how to opt-out if you'd not like to participate in this anonymous program, by visiting the following URL:
https://nextjs.org/telemetry


○ Compiling /[locale] ...
DEBUG: Loading messages for locale: en
 GET /en 200 in 29.9s (next.js: 26.0s, proxy.ts: 41ms, application-code: 3.9s)
[browser] AdSense head tag doesn't support data-nscript attribute. (https://pagead2.googlesyndication.com/pagead/js/adsbygoogle.js?client=ca-pub-4548223576832848:220:300)
[browser] THREE.THREE.Clock: This module has been deprecated. Please use THREE.Timer instead.
○ Compiling /[locale]/blog ...
 GET /en/blog 200 in 28.2s (next.js: 26.9s, proxy.ts: 74ms, application-code: 1194ms)
[browser] ⚠️  Supabase not configured. Blog & Roadmap pages will show fallback content.
   Create a .env.local file with NEXT_PUBLIC_SUPABASE_URL and NEXT_PUBLIC_SUPABASE_ANON_KEY to enable live data. (lib/supabase.ts:14:13)
[browser] ⨯ unhandledRejection: TypeError: __TURBOPACK__imported__module__$5b$project$5d2f$lib$2f$supabase$2e$ts__$5b$app$2d$client$5d$__$28$ecmascript$29$__.supabase.from(...).select(...).order is not a function
    at fetchPosts (app/[locale]/blog/page.tsx:119:10)
    at BlogPage.useEffect (app/[locale]/blog/page.tsx:131:5)
  117 |         .from('posts')
  118 |         .select('*')
> 119 |         .order('created_at', { ascending: false });
      |          ^
  120 |
  121 |       if (error) {
  122 |         // Formatted to string directly to bypass custom dev console layout object-swallo...
[browser] ⨯ unhandledRejection: TypeError: __TURBOPACK__imported__module__$5b$project$5d2f$lib$2f$supabase$2e$ts__$5b$app$2d$client$5d$__$28$ecmascript$29$__.supabase.from(...).select(...).order is not a function
    at fetchPosts (app/[locale]/blog/page.tsx:119:10)
    at BlogPage.useEffect (app/[locale]/blog/page.tsx:131:5)
  117 |         .from('posts')
  118 |         .select('*')
> 119 |         .order('created_at', { ascending: false });
      |          ^
  120 |
  121 |       if (error) {
  122 |         // Formatted to string directly to bypass custom dev console layout object-swallo...
⚠️  Supabase not configured. Blog & Roadmap pages will show fallback content.
   Create a .env.local file with NEXT_PUBLIC_SUPABASE_URL and NEXT_PUBLIC_SUPABASE_ANON_KEY to enable live data.
DEBUG: Loading messages for locale: en
 GET /en/blog 200 in 1196ms (next.js: 151ms, proxy.ts: 19ms, application-code: 1026ms)
[browser] ⚠️  Supabase not configured. Blog & Roadmap pages will show fallback content.
   Create a .env.local file with NEXT_PUBLIC_SUPABASE_URL and NEXT_PUBLIC_SUPABASE_ANON_KEY to enable live data. (lib/supabase.ts:14:13)
[browser] AdSense head tag doesn't support data-nscript attribute. (https://pagead2.googlesyndication.com/pagead/js/adsbygoogle.js?client=ca-pub-4548223576832848:220:300)
[browser] ⨯ unhandledRejection: TypeError: __TURBOPACK__imported__module__$5b$project$5d2f$lib$2f$supabase$2e$ts__$5b$app$2d$client$5d$__$28$ecmascript$29$__.supabase.from(...).select(...).order is not a function
    at fetchPosts (app/[locale]/blog/page.tsx:119:10)
    at BlogPage.useEffect (app/[locale]/blog/page.tsx:131:5)
  117 |         .from('posts')
  118 |         .select('*')
> 119 |         .order('created_at', { ascending: false });
      |          ^
  120 |
  121 |       if (error) {
  122 |         // Formatted to string directly to bypass custom dev console layout object-swallo...
DEBUG: Loading messages for locale: en
 GET /en/blog 200 in 242ms (next.js: 61ms, proxy.ts: 7ms, application-code: 173ms)
[browser] ⚠️  Supabase not configured. Blog & Roadmap pages will show fallback content.
   Create a .env.local file with NEXT_PUBLIC_SUPABASE_URL and NEXT_PUBLIC_SUPABASE_ANON_KEY to enable live data. (lib/supabase.ts:14:13)
[browser] AdSense head tag doesn't support data-nscript attribute. (https://pagead2.googlesyndication.com/pagead/js/adsbygoogle.js?client=ca-pub-4548223576832848:220:300)
[browser] ⨯ unhandledRejection: TypeError: __TURBOPACK__imported__module__$5b$project$5d2f$lib$2f$supabase$2e$ts__$5b$app$2d$client$5d$__$28$ecmascript$29$__.supabase.from(...).select(...).order is not a function
    at fetchPosts (app/[locale]/blog/page.tsx:119:10)
    at BlogPage.useEffect (app/[locale]/blog/page.tsx:131:5)
  117 |         .from('posts')
  118 |         .select('*')
> 119 |         .order('created_at', { ascending: false });
      |          ^
  120 |
  121 |       if (error) {
  122 |         // Formatted to string directly to bypass custom dev console layout object-swallo...
○ Compiling /[locale]/about ...
 GET /en/about 200 in 12.7s (next.js: 12.2s, proxy.ts: 24ms, application-code: 439ms)
[browser] Please ensure that the container has a non-static position, like 'relative', 'fixed', or 'absolute' to ensure scroll offset is calculated correctly. (<anonymous>)
DEBUG: Loading messages for locale: en
 GET /en/about 200 in 3.0s (next.js: 729ms, proxy.ts: 330ms, application-code: 1938ms)
[browser] Please ensure that the container has a non-static position, like 'relative', 'fixed', or 'absolute' to ensure scroll offset is calculated correctly. (<anonymous>)
[browser] AdSense head tag doesn't support data-nscript attribute. (https://pagead2.googlesyndication.com/pagead/js/adsbygoogle.js?client=ca-pub-4548223576832848:220:300)
 GET /en/blog 200 in 175ms (next.js: 103ms, proxy.ts: 6ms, application-code: 66ms)
[browser] ⚠️  Supabase not configured. Blog & Roadmap pages will show fallback content.
   Create a .env.local file with NEXT_PUBLIC_SUPABASE_URL and NEXT_PUBLIC_SUPABASE_ANON_KEY to enable live data. (lib/supabase.ts:14:13)
[browser] ⨯ unhandledRejection: TypeError: __TURBOPACK__imported__module__$5b$project$5d2f$lib$2f$supabase$2e$ts__$5b$app$2d$client$5d$__$28$ecmascript$29$__.supabase.from(...).select(...).order is not a function
    at fetchPosts (app/[locale]/blog/page.tsx:119:10)
    at BlogPage.useEffect (app/[locale]/blog/page.tsx:131:5)
  117 |         .from('posts')
  118 |         .select('*')
> 119 |         .order('created_at', { ascending: false });
      |          ^
  120 |
  121 |       if (error) {
  122 |         // Formatted to string directly to bypass custom dev console layout object-swallo...
[browser] ⨯ unhandledRejection: TypeError: __TURBOPACK__imported__module__$5b$project$5d2f$lib$2f$supabase$2e$ts__$5b$app$2d$client$5d$__$28$ecmascript$29$__.supabase.from(...).select(...).order is not a function
    at fetchPosts (app/[locale]/blog/page.tsx:119:10)
    at BlogPage.useEffect (app/[locale]/blog/page.tsx:131:5)
  117 |         .from('posts')
  118 |         .select('*')
> 119 |         .order('created_at', { ascending: false });
      |          ^
  120 |
  121 |       if (error) {
  122 |         // Formatted to string directly to bypass custom dev console layout object-swallo...
 GET /en 200 in 123ms (next.js: 62ms, proxy.ts: 5ms, application-code: 56ms)
[browser] THREE.THREE.Clock: This module has been deprecated. Please use THREE.Timer instead.
 GET /en/blog 200 in 154ms (next.js: 87ms, proxy.ts: 8ms, application-code: 60ms)
[browser] ⨯ unhandledRejection: TypeError: __TURBOPACK__imported__module__$5b$project$5d2f$lib$2f$supabase$2e$ts__$5b$app$2d$client$5d$__$28$ecmascript$29$__.supabase.from(...).select(...).order is not a function
    at fetchPosts (app/[locale]/blog/page.tsx:119:10)
    at BlogPage.useEffect (app/[locale]/blog/page.tsx:131:5)
  117 |         .from('posts')
  118 |         .select('*')
> 119 |         .order('created_at', { ascending: false });
      |          ^
  120 |
  121 |       if (error) {
  122 |         // Formatted to string directly to bypass custom dev console layout object-swallo...
[browser] ⨯ unhandledRejection: TypeError: __TURBOPACK__imported__module__$5b$project$5d2f$lib$2f$supabase$2e$ts__$5b$app$2d$client$5d$__$28$ecmascript$29$__.supabase.from(...).select(...).order is not a function
    at fetchPosts (app/[locale]/blog/page.tsx:119:10)
    at BlogPage.useEffect (app/[locale]/blog/page.tsx:131:5)
  117 |         .from('posts')
  118 |         .select('*')
> 119 |         .order('created_at', { ascending: false });
      |          ^
  120 |
  121 |       if (error) {
  122 |         // Formatted to string directly to bypass custom dev console layout object-swallo...
○ Compiling /[locale]/docs ...
 GET /en/portfolio 200 in 6.9s (next.js: 6.1s, proxy.ts: 5ms, application-code: 801ms)
 GET /en/docs 200 in 11.0s (next.js: 10.5s, proxy.ts: 4ms, application-code: 553ms)
 GET /en/portfolio 200 in 103ms (next.js: 50ms, proxy.ts: 6ms, application-code: 47ms)
[browser] THREE.THREE.Clock: This module has been deprecated. Please use THREE.Timer instead.
✓ Finished writing to filesystem cache in 11.6s
○ Compiling /[locale]/apps ...
 GET /en/apps 200 in 15.1s (next.js: 12.7s, proxy.ts: 23ms, application-code: 2.3s)
 GET /en/blog 200 in 3.1s (next.js: 2.5s, proxy.ts: 136ms, application-code: 436ms)
 GET /en/apps 200 in 6.4s (next.js: 4.9s, proxy.ts: 136ms, application-code: 1397ms)
[browser] ⨯ unhandledRejection: TypeError: __TURBOPACK__imported__module__$5b$project$5d2f$lib$2f$supabase$2e$ts__$5b$app$2d$client$5d$__$28$ecmascript$29$__.supabase.from(...).select(...).order is not a function
    at fetchPosts (app/[locale]/blog/page.tsx:119:10)
    at BlogPage.useEffect (app/[locale]/blog/page.tsx:131:5)
  117 |         .from('posts')
  118 |         .select('*')
> 119 |         .order('created_at', { ascending: false });
      |          ^
  120 |
  121 |       if (error) {
  122 |         // Formatted to string directly to bypass custom dev console layout object-swallo...
[browser] ⨯ unhandledRejection: TypeError: __TURBOPACK__imported__module__$5b$project$5d2f$lib$2f$supabase$2e$ts__$5b$app$2d$client$5d$__$28$ecmascript$29$__.supabase.from(...).select(...).order is not a function
    at fetchPosts (app/[locale]/blog/page.tsx:119:10)
    at BlogPage.useEffect (app/[locale]/blog/page.tsx:131:5)
  117 |         .from('posts')
  118 |         .select('*')
> 119 |         .order('created_at', { ascending: false });
      |          ^
  120 |
  121 |       if (error) {
  122 |         // Formatted to string directly to bypass custom dev console layout object-swallo...
 GET /en/apps 200 in 1971ms (next.js: 1639ms, proxy.ts: 83ms, application-code: 248ms)
[browser] THREE.THREE.Clock: This module has been deprecated. Please use THREE.Timer instead.
[browser] SelectiveBloom requires lights to work.
[browser] SelectiveBloom requires lights to work.
[browser] SelectiveBloom requires lights to work.
[browser] SelectiveBloom requires lights to work.
[browser] THREE.WebGLProgram: Program Info Log: (210,81-129): warning X4122: sum of 0.996094 and -2.98545e-017 cannot be represented accurately in double precision
(209,37-61): warning X4122: sum of 1 and -1.49272e-017 cannot be represented accurately in double precision
(210,82-106): warning X4122: sum of 1 and -1.49272e-017 cannot be represented accurately in double precision
(209,37-61): warning X4122: sum of 1 and -1.66644e-018 cannot be represented accurately in double precision
(210,82-106): warning X4122: sum of 1 and -1.66644e-018 cannot be represented accurately in double precision


 
[browser] SelectiveBloom requires lights to work.
[browser] SelectiveBloom requires lights to work.
✓ Finished writing to filesystem cache in 24.8s
[browser] SelectiveBloom requires lights to work.
[browser] SelectiveBloom requires lights to work.
[browser] SelectiveBloom requires lights to work.
[browser] SelectiveBloom requires lights to work.
[browser] SelectiveBloom requires lights to work.
[browser] SelectiveBloom requires lights to work.
 GET /en 200 in 1880ms (next.js: 1104ms, proxy.ts: 32ms, application-code: 745ms)
[browser] THREE.THREE.Clock: This module has been deprecated. Please use THREE.Timer instead.
○ Compiling /[locale]/digital-twin ...
✓ Finished filesystem cache database compaction in 11.8s
DEBUG: Loading messages for locale: en
 GET /en/digital-twin 200 in 34.9s (next.js: 23.4s, proxy.ts: 15ms, application-code: 11.5s)
○ Compiling /_not-found/page ...
[browser] AdSense head tag doesn't support data-nscript attribute. (app/[locale]/digital-twin/page.tsx:22:18)
✓ Finished writing to filesystem cache in 32.7s
 GET /images/digital-twins/11.jpg 404 in 21.2s (next.js: 20.7s, application-code: 482ms)
 GET /images/digital-twins/12.jpg 404 in 23.1s (next.js: 22.8s, application-code: 233ms)
✓ Finished filesystem cache database compaction in 18.4s
✓ Finished filesystem cache database compaction in 18.4s
undefined
[ERR_PNPM_RECURSIVE_EXEC_FIRST_FAIL] Command was killed with SIGHUP (Terminal closed): next dev -H 0.0.0.0 --turbopack
